// Jest Snapshot v1, https://goo.gl/fbAQLP

exports[`createJWT should create token properly 1`] = `"eyJhbGciOiJIUzI1NiIsInR5cCI6IkpXVCJ9.eyJyb2xlIjoiYWRtaW4iLCJpYXQiOjE1MDMwMTQ0MDAwMDAsImV4cCI6MTUwMzAxNDQwMDAwMCwiaXNzIjoiamVzdCJ9.LBa6msnHJEDbv26ynE_Q07E8ZSJH7PuOIjqUhBSPhQI"`;
